// Jest Snapshot v1, https://goo.gl/fbAQLP

exports[`<Hash /> renders correctly 1`] = `
<styled.div>
  <HashLine
    linePosition="top"
    transition="1"
  />
  <HashLine
    linePosition="bottom"
    transition="2"
  />
  <HashLine
    linePosition="left"
    transition="3"
  />
  <HashLine
    linePosition="right"
    transition="4"
  />
</styled.div>
`;
